// Vitest Snapshot v1, https://vitest.dev/guide/snapshot.html

exports[`PokedexToggle > matches snapshot 1`] = `
<div>
  <button
    aria-label="Show my Pokédex"
    aria-pressed="false"
    class="fixed bottom-6 right-6 w-16 h-16 md:w-20 md:h-20 rounded-full bg-white shadow-lg border
      border-gray-200 flex items-center justify-center hover:shadow-2xl transition-shadow cursor-pointer
      focus-visible:outline-none focus-visible:ring-2 focus-visible:ring-sky-600 focus-visible:ring-offset-2"
  >
    <img
      alt=""
      class="w-8 h-8 md:w-10 md:h-10"
      loading="lazy"
      src="/src/assets/pokedex.svg"
    />
  </button>
</div>
`;
