// Vitest Snapshot v1, https://vitest.dev/guide/snapshot.html

exports[`ViewToggle > matches snapshot 1`] = `
<div>
  <div
    class="flex items-center gap-1 rounded-lg border border-gray-200 p-0.5"
  >
    <button
      aria-label="Grid view"
      aria-pressed="true"
      class="p-1.5 rounded-md text-sm transition-colors bg-white text-gray-900 shadow-sm"
    >
      <span>
        grid-icon
      </span>
    </button>
    <button
      aria-label="Table view"
      aria-pressed="false"
      class="p-1.5 rounded-md text-sm transition-colors text-gray-400 hover:text-gray-600"
    >
      <span>
        table-icon
      </span>
    </button>
  </div>
</div>
`;
